--- Begin: example/timestamp_proof.v ---
From Perennial.program_proof Require Import grove_prelude.
From Perennial.program_proof Require Import marshal_stateless_proof.
From Goose Require Import github_com.mjschwenne.grackle.example.timestamp_gk.

Module TimeStamp.
Section TimeStamp.

Typeclasses Opaque app.

Context `{!heapGS Σ}.

Record C :=
    mkC {
        hour : u32;
        minute : u32;
        second : u64;
        }.

Definition has_encoding (encoded:list u8) (args:C) : Prop :=
  encoded = (u32_le args.(hour)) ++
              (u32_le args.(minute)) ++
              (u64_le args.(second)).

Definition own (args_ptr:loc) (args:C) (q:dfrac) : iProp Σ :=
  "Hargs_hour" ∷ args_ptr ↦[timestamp_gk.S :: "Hour"]{q} #args.(hour) ∗
  "Hargs_minute" ∷ args_ptr ↦[timestamp_gk.S :: "Minute"]{q} #args.(minute) ∗
  "Hargs_second" ∷ args_ptr ↦[timestamp_gk.S :: "Second"]{q} #args.(second).

Lemma wp_Encode (args_ptr:loc) (args:C) (pre_sl:Slice.t) (prefix:list u8) :
  {{{
        own args_ptr args (DfracDiscarded) ∗
        own_slice pre_sl byteT (DfracOwn 1) prefix
  }}}
    timestamp_gk.Marshal #args_ptr (slice_val pre_sl)
  {{{
        enc enc_sl, RET (slice_val enc_sl);
        ⌜has_encoding enc args⌝ ∗
        own_slice enc_sl byteT (DfracOwn 1) (prefix ++ enc)
  }}}.

Proof.
  iIntros (?) "H HΦ". iDestruct "H" as "[Hown Hsl]". iNamed "Hown".
  wp_rec. wp_pures.
  wp_apply (wp_ref_to); first by val_ty.
  iIntros (?) "Hptr". wp_pures.
  wp_loadField. wp_load. wp_apply (wp_WriteInt32 with "[$Hsl]").
  iIntros (?) "Hsl". wp_store.
  wp_loadField. wp_load. wp_apply (wp_WriteInt32 with "[$Hsl]").
  iIntros (?) "Hsl". wp_store.
  wp_loadField. wp_load. wp_apply (wp_WriteInt with "[$Hsl]").
  iIntros (?) "Hsl". wp_store.

  wp_load. iApply "HΦ". iModIntro. rewrite -?app_assoc.
  iFrame. iPureIntro.

   done.
Qed.

Lemma wp_Decode enc enc_sl (args:C) (suffix:list u8) (q:dfrac):
  {{{
        ⌜has_encoding enc args⌝ ∗
        own_slice_small enc_sl byteT q (enc ++ suffix)
  }}}
    timestamp_gk.Unmarshal (slice_val enc_sl)
  {{{
        args_ptr suff_sl, RET (#args_ptr, suff_sl); own args_ptr args (DfracOwn 1) ∗
                                                    own_slice_small suff_sl byteT q suffix
  }}}.

Proof.
  iIntros (?) "[%Henc Hsl] HΦ". wp_rec.
  wp_apply wp_allocStruct; first by val_ty.
  iIntros (?) "Hstruct". wp_pures.
  wp_apply wp_ref_to; first done.
  iIntros (?) "Hptr". wp_pures.
  iDestruct (struct_fields_split with "Hstruct") as "HH".
  iNamed "HH".

  rewrite Henc. rewrite -?app_assoc.

  wp_load. wp_apply (wp_ReadInt32 with "[$Hsl]"). iIntros (?) "Hsl".
  wp_pures. wp_storeField. wp_store.

  wp_load. wp_apply (wp_ReadInt32 with "[$Hsl]"). iIntros (?) "Hsl".
  wp_pures. wp_storeField. wp_store.

  wp_load. wp_apply (wp_ReadInt with "[$Hsl]"). iIntros (?) "Hsl".
  wp_pures. wp_storeField. wp_store.
  wp_load. wp_pures. iApply "HΦ". iModIntro. iFrame.
Qed.

End TimeStamp.
End TimeStamp.

--- End: example/timestamp_proof.v ---
--- Start: example/timestamp_gk/timestamp_gk.go ---
package timestamp_gk

import (
	"github.com/tchajed/marshal"
)

type S struct {
	Hour   uint32
	Minute uint32
	Second uint64
}

func (t *S) approxSize() uint64 {
	return 0
}

func Marshal(t *S, prefix []byte) []byte {
	var enc = prefix
	enc = marshal.WriteInt32(enc, t.Hour)
	enc = marshal.WriteInt32(enc, t.Minute)
	enc = marshal.WriteInt(enc, t.Second)
	return enc
}

func Unmarshal(s []byte) (*S, []byte) {
	t := new(S)
	var enc = s // Needed for goose compatibility

	t.Hour, enc = marshal.ReadInt32(enc)

	t.Minute, enc = marshal.ReadInt32(enc)

	t.Second, enc = marshal.ReadInt(enc)

	return t, enc
}
--- End: example/timestamp_gk/timestamp_gk.go ---
--- Begin: example/event_proof.v ---
From Perennial.program_proof Require Import grove_prelude.
From Perennial.program_proof Require Import marshal_stateless_proof.
From Goose Require Import github_com.mjschwenne.grackle.example.event_gk.
From Grackle.example Require Import timestamp_proof.
From Goose Require Import github_com.mjschwenne.grackle.example.timestamp_gk.

Module Event.
Section Event.

Typeclasses Opaque app.

Context `{!heapGS Σ}.

Record C :=
    mkC {
        id : u32;
        name : list u8;
        startTime : TimeStamp.C;
        endTime : TimeStamp.C;
        }.

Definition has_encoding (encoded:list u8) (args:C) : Prop :=
  ∃ (startTime_enc endTime_enc : list u8), 
  encoded = (u32_le args.(id)) ++
              (u64_le $ length $ args.(name)) ++ args.(name) ++
              startTime_enc ++
              endTime_enc
  /\ TimeStamp.has_encoding startTime_enc args.(startTime)
  /\ TimeStamp.has_encoding endTime_enc args.(endTime).

Definition own (args_ptr:loc) (args:C) (q:dfrac) : iProp Σ :=
  ∃ (name_l startTime_l endTime_l : loc) (name_sl : Slice.t), 
  "Hargs_id" ∷ args_ptr ↦[event_gk.S :: "Id"]{q} #args.(id) ∗
  "Hargs_name" ∷ args_ptr ↦[event_gk.S :: "Name"]{q} #name_l ∗
  "Hargs_name_sl" ∷ name_l ↦[slice.T byteT]{q} (slice_val name_sl) ∗
  "Hargs_name_enc" ∷ own_slice_small name_sl byteT q args.(name) ∗
  "Hargs_startTime" ∷ args_ptr ↦[event_gk.S :: "StartTime"]{q} #startTime_l ∗
  "Hargs_startTime_enc" ∷ TimeStamp.own startTime_l args.(startTime) q ∗
  "Hargs_endTime" ∷ args_ptr ↦[event_gk.S :: "EndTime"]{q} #endTime_l ∗
  "Hargs_endTime_enc" ∷ TimeStamp.own endTime_l args.(endTime) q.

Lemma wp_Encode (args_ptr:loc) (args:C) (pre_sl:Slice.t) (prefix:list u8) :
  {{{
        own args_ptr args (DfracDiscarded) ∗
        own_slice pre_sl byteT (DfracOwn 1) prefix
  }}}
    event_gk.Marshal #args_ptr (slice_val pre_sl)
  {{{
        enc enc_sl, RET (slice_val enc_sl);
        ⌜has_encoding enc args⌝ ∗
        own_slice enc_sl byteT (DfracOwn 1) (prefix ++ enc)
  }}}.

Proof.
  iIntros (?) "H HΦ". iDestruct "H" as "[Hown Hsl]". iNamed "Hown".
  wp_rec. wp_pures.
  wp_apply (wp_ref_to); first by val_ty.
  iIntros (?) "Hptr". wp_pures.
  wp_loadField. wp_load. wp_apply (wp_WriteInt32 with "[$Hsl]").
  iIntros (?) "Hsl". wp_store.

  iDestruct (own_slice_small_sz with "Hargs_name_enc") as "%Hargs_name_sz".
  wp_loadField. wp_load. wp_apply wp_slice_len. wp_load.
  wp_apply (wp_WriteInt with "[$Hsl]"). iIntros (?) "Hsl". wp_store.

  wp_loadField. wp_load. wp_load.
  wp_apply (wp_WriteBytes with "[$Hsl $Hargs_name_enc]").
  iIntros (?) "[Hsl _]". wp_store.

  wp_load. wp_loadField.
  wp_apply (TimeStamp.wp_Encode with "[$Hargs_startTime_enc $Hsl]").
  iIntros (startTime_enc startTime_sl) "Hsl".
  iDestruct "Hsl" as (Hencoding_startTime) "Hsl". wp_store.

  wp_load. wp_loadField.
  wp_apply (TimeStamp.wp_Encode with "[$Hargs_endTime_enc $Hsl]").
  iIntros (endTime_enc endTime_sl) "Hsl".
  iDestruct "Hsl" as (Hencoding_endTime) "Hsl". wp_store.

  wp_load. iApply "HΦ". iModIntro. rewrite -?app_assoc.
  iFrame. iPureIntro.

  unfold has_encoding. exists startTime_enc, endTime_enc. 
  split.
  { rewrite Hargs_name_sz. rewrite w64_to_nat_id.
    exact. }
  split.
  { exact. } { exact. }
Qed.

Lemma wp_Decode enc enc_sl (args:C) (suffix:list u8) (q:dfrac):
  {{{
        ⌜has_encoding enc args⌝ ∗
        own_slice_small enc_sl byteT q (enc ++ suffix)
  }}}
    event_gk.Unmarshal (slice_val enc_sl)
  {{{
        args_ptr suff_sl, RET (#args_ptr, suff_sl); own args_ptr args (DfracOwn 1) ∗
                                                    own_slice_small suff_sl byteT q suffix
  }}}.

Proof.
  iIntros (?) "[%Henc Hsl] HΦ". wp_rec.
  wp_apply wp_allocStruct; first by val_ty.
  iIntros (?) "Hstruct". wp_pures.
  wp_apply wp_ref_to; first done.
  iIntros (?) "Hptr". wp_pures.
  iDestruct (struct_fields_split with "Hstruct") as "HH".
  iNamed "HH".

  unfold has_encoding in Henc.
  destruct Henc as ( startTime_sl & endTime_sl & Henc & Hencoding_startTime & Hencoding_endTime ).
  rewrite Henc. rewrite -?app_assoc.

  wp_load. wp_apply (wp_ReadInt32 with "[$Hsl]"). iIntros (?) "Hsl".
  wp_pures. wp_storeField. wp_store.

  wp_apply wp_allocN; first done; first by val_ty.
  iIntros (?) "HnameLen". iApply array_singleton in "HnameLen". wp_pures.
  wp_apply wp_allocN; first done; first by val_ty.
  iIntros (?) "Hname". iApply array_singleton in "Hname". wp_pures.
  wp_load. wp_apply (wp_ReadInt with "[$Hsl]").
  iIntros (?) "Hsl". wp_pures. wp_store. wp_store. wp_load. wp_load.

  iDestruct (own_slice_small_sz with "Hsl") as %Hname_sz.
  wp_apply (wp_ReadBytesCopy with "[$]").
  { rewrite length_app in Hname_sz. word. }
  iIntros (??) "[Hname' Hsl]". iApply own_slice_to_small in "Hname'".

  wp_pures. wp_store. wp_store. wp_storeField.

  wp_load. wp_apply (TimeStamp.wp_Decode startTime_sl with "[Hsl]").
  { iFrame. exact. } iIntros (??) "[HstartTime Hsl]". wp_pures. wp_storeField. wp_store.

  wp_load. wp_apply (TimeStamp.wp_Decode endTime_sl with "[Hsl]").
  { iFrame. exact. } iIntros (??) "[HendTime Hsl]". wp_pures. wp_storeField. wp_store.
  wp_load. wp_pures. iApply "HΦ". iModIntro. iFrame.
Qed.

End Event.
End Event.

--- End: example/event_proof.v ---
--- Start: example/event_gk/event_gk.go ---
package event_gk

import (
	"github.com/mjschwenne/grackle/example/timestamp_gk"
	"github.com/tchajed/marshal"
)

type S struct {
	Id        uint32
	Name      *[]byte
	StartTime *timestamp_gk.S
	EndTime   *timestamp_gk.S
}

func (e *S) approxSize() uint64 {
	return 0
}

func Marshal(e *S, prefix []byte) []byte {
	var enc = prefix
	enc = marshal.WriteInt32(enc, e.Id)
	enc = marshal.WriteInt(enc, uint64(len(*e.Name)))
	enc = marshal.WriteBytes(enc, *e.Name)
	enc = timestamp_gk.Marshal(e.StartTime, enc)
	enc = timestamp_gk.Marshal(e.EndTime, enc)
	return enc
}

func Unmarshal(s []byte) (*S, []byte) {
	e := new(S)
	var enc = s // Needed for goose compatibility

	e.Id, enc = marshal.ReadInt32(enc)
	var nameLen uint64
	var name []byte
	nameLen, enc = marshal.ReadInt(enc)
	name, enc = marshal.ReadBytesCopy(enc, nameLen)
	e.Name = &name
	e.StartTime, enc = timestamp_gk.Unmarshal(enc)
	e.EndTime, enc = timestamp_gk.Unmarshal(enc)
	return e, enc
}
--- End: example/event_gk/event_gk.go ---
